// Jest Snapshot v1, https://goo.gl/fbAQLP

exports[`multiple and duplicate secrets, should deduplicate 1`] = `
"
  secret: secret values goes here 0
  secret: secret values goes here 0
  secret: secret values goes here 0
  secret2: secret values goes here 1
  secret3: \\"raw\\"
  "
`;

exports[`no secrets found 1`] = `
"
  secret: 
  secret: 
  secret: 
  secret2: 
  secret3: \\"raw\\"
  "
`;
